<?xml version="1.0"?>
<link_info>
   <banner>TI ARM Linker PC v5.2.2</banner>
   <copyright>Copyright (c) 1996-2015 Texas Instruments Incorporated</copyright>
   <link_time>0x55e700d2</link_time>
   <link_errors>0x0</link_errors>
   <output_file>pwm.out</output_file>
   <entry_point>
      <name>_c_int00</name>
      <address>0x20004b71</address>
   </entry_point>
   <input_file_list>
      <input_file id="fl-2">
         <path>.\</path>
         <kind>object</kind>
         <file>main.obj</file>
         <name>main.obj</name>
      </input_file>
      <input_file id="fl-3">
         <path>.\</path>
         <kind>object</kind>
         <file>pinmux.obj</file>
         <name>pinmux.obj</name>
      </input_file>
      <input_file id="fl-4">
         <path>.\</path>
         <kind>object</kind>
         <file>startup_ccs.obj</file>
         <name>startup_ccs.obj</name>
      </input_file>
      <input_file id="fl-12b">
         <path>C:\ti\ccsv6\tools\compiler\ti-cgt-arm_5.2.2\lib\</path>
         <kind>archive</kind>
         <file>rtsv7M4_T_le_eabi.lib</file>
         <name>boot.obj</name>
      </input_file>
      <input_file id="fl-12c">
         <path>C:\ti\ccsv6\tools\compiler\ti-cgt-arm_5.2.2\lib\</path>
         <kind>archive</kind>
         <file>rtsv7M4_T_le_eabi.lib</file>
         <name>copy_decompress_none.obj</name>
      </input_file>
      <input_file id="fl-12d">
         <path>C:\ti\ccsv6\tools\compiler\ti-cgt-arm_5.2.2\lib\</path>
         <kind>archive</kind>
         <file>rtsv7M4_T_le_eabi.lib</file>
         <name>copy_decompress_rle.obj</name>
      </input_file>
      <input_file id="fl-12e">
         <path>C:\ti\ccsv6\tools\compiler\ti-cgt-arm_5.2.2\lib\</path>
         <kind>archive</kind>
         <file>rtsv7M4_T_le_eabi.lib</file>
         <name>copy_zero_init.obj</name>
      </input_file>
      <input_file id="fl-12f">
         <path>C:\ti\ccsv6\tools\compiler\ti-cgt-arm_5.2.2\lib\</path>
         <kind>archive</kind>
         <file>rtsv7M4_T_le_eabi.lib</file>
         <name>exit.obj</name>
      </input_file>
      <input_file id="fl-130">
         <path>C:\ti\ccsv6\tools\compiler\ti-cgt-arm_5.2.2\lib\</path>
         <kind>archive</kind>
         <file>rtsv7M4_T_le_eabi.lib</file>
         <name>memcpy_t2.obj</name>
      </input_file>
      <input_file id="fl-131">
         <path>C:\ti\ccsv6\tools\compiler\ti-cgt-arm_5.2.2\lib\</path>
         <kind>archive</kind>
         <file>rtsv7M4_T_le_eabi.lib</file>
         <name>memset_t2.obj</name>
      </input_file>
      <input_file id="fl-132">
         <path>C:\ti\ccsv6\tools\compiler\ti-cgt-arm_5.2.2\lib\</path>
         <kind>archive</kind>
         <file>rtsv7M4_T_le_eabi.lib</file>
         <name>pre_init.obj</name>
      </input_file>
      <input_file id="fl-133">
         <path>C:\ti\ccsv6\tools\compiler\ti-cgt-arm_5.2.2\lib\</path>
         <kind>archive</kind>
         <file>rtsv7M4_T_le_eabi.lib</file>
         <name>stkdepth_vars.obj</name>
      </input_file>
      <input_file id="fl-134">
         <path>C:\ti\ccsv6\tools\compiler\ti-cgt-arm_5.2.2\lib\</path>
         <kind>archive</kind>
         <file>rtsv7M4_T_le_eabi.lib</file>
         <name>_lock.obj</name>
      </input_file>
      <input_file id="fl-135">
         <path>C:\ti\ccsv6\tools\compiler\ti-cgt-arm_5.2.2\lib\</path>
         <kind>archive</kind>
         <file>rtsv7M4_T_le_eabi.lib</file>
         <name>args_main.obj</name>
      </input_file>
      <input_file id="fl-136">
         <path>C:\ti\ccsv6\tools\compiler\ti-cgt-arm_5.2.2\lib\</path>
         <kind>archive</kind>
         <file>rtsv7M4_T_le_eabi.lib</file>
         <name>autoinit.obj</name>
      </input_file>
      <input_file id="fl-137">
         <path>C:\ti\ccsv6\tools\compiler\ti-cgt-arm_5.2.2\lib\</path>
         <kind>archive</kind>
         <file>rtsv7M4_T_le_eabi.lib</file>
         <name>cpy_tbl.obj</name>
      </input_file>
      <input_file id="fl-138">
         <path>C:\ti\CC3200SDK_1.1.0\cc3200-sdk\driverlib\ccs\Release\</path>
         <kind>archive</kind>
         <file>driverlib.a</file>
         <name>interrupt.obj</name>
      </input_file>
      <input_file id="fl-139">
         <path>C:\ti\CC3200SDK_1.1.0\cc3200-sdk\driverlib\ccs\Release\</path>
         <kind>archive</kind>
         <file>driverlib.a</file>
         <name>pin.obj</name>
      </input_file>
      <input_file id="fl-13a">
         <path>C:\ti\CC3200SDK_1.1.0\cc3200-sdk\driverlib\ccs\Release\</path>
         <kind>archive</kind>
         <file>driverlib.a</file>
         <name>prcm.obj</name>
      </input_file>
      <input_file id="fl-13b">
         <path>C:\ti\CC3200SDK_1.1.0\cc3200-sdk\driverlib\ccs\Release\</path>
         <kind>archive</kind>
         <file>driverlib.a</file>
         <name>timer.obj</name>
      </input_file>
      <input_file id="fl-13c">
         <path>C:\ti\CC3200SDK_1.1.0\cc3200-sdk\driverlib\ccs\Release\</path>
         <kind>archive</kind>
         <file>driverlib.a</file>
         <name>utils.obj</name>
      </input_file>
      <input_file id="fl-13d">
         <path>C:\ti\CC3200SDK_1.1.0\cc3200-sdk\driverlib\ccs\Release\</path>
         <kind>archive</kind>
         <file>driverlib.a</file>
         <name>cpu.obj</name>
      </input_file>
      <input_file id="fl-13e">
         <path>C:\ti\CC3200SDK_1.1.0\cc3200-sdk\driverlib\ccs\Release\</path>
         <kind>archive</kind>
         <file>driverlib.a</file>
         <name>flash.obj</name>
      </input_file>
      <input_file id="fl-13f">
         <path>C:\ti\ccsv6\tools\compiler\ti-cgt-arm_5.2.2\lib\</path>
         <kind>archive</kind>
         <file>rtsv7M4_T_le_eabi.lib</file>
         <name>ll_lsr_t2.obj</name>
      </input_file>
      <input_file id="fl-140">
         <path>C:\ti\ccsv6\tools\compiler\ti-cgt-arm_5.2.2\lib\</path>
         <kind>archive</kind>
         <file>rtsv7M4_T_le_eabi.lib</file>
         <name>ull_div_t2.obj</name>
      </input_file>
   </input_file_list>
   <object_component_list>
      <object_component id="oc-f">
         <name>.intvecs</name>
         <load_address>0x20004000</load_address>
         <run_address>0x20004000</run_address>
         <size>0x400</size>
         <input_file_ref idref="fl-4"/>
      </object_component>
      <object_component id="oc-98">
         <name>.text</name>
         <load_address>0x20004400</load_address>
         <run_address>0x20004400</run_address>
         <size>0x174</size>
         <input_file_ref idref="fl-2"/>
      </object_component>
      <object_component id="oc-101">
         <name>.text:PRCMCC3200MCUInit</name>
         <load_address>0x20004574</load_address>
         <run_address>0x20004574</run_address>
         <size>0x134</size>
         <input_file_ref idref="fl-13a"/>
      </object_component>
      <object_component id="oc-fb">
         <name>.text:IntEnable</name>
         <load_address>0x200046a8</load_address>
         <run_address>0x200046a8</run_address>
         <size>0xa8</size>
         <input_file_ref idref="fl-138"/>
      </object_component>
      <object_component id="oc-33">
         <name>.text</name>
         <load_address>0x20004750</load_address>
         <run_address>0x20004750</run_address>
         <size>0x9c</size>
         <input_file_ref idref="fl-130"/>
      </object_component>
      <object_component id="oc-17c">
         <name>.text:PinConfigSet</name>
         <load_address>0x200047ec</load_address>
         <run_address>0x200047ec</run_address>
         <size>0x88</size>
         <input_file_ref idref="fl-139"/>
      </object_component>
      <object_component id="oc-4c">
         <name>.text</name>
         <load_address>0x20004874</load_address>
         <run_address>0x20004874</run_address>
         <size>0x7a</size>
         <input_file_ref idref="fl-131"/>
      </object_component>
      <object_component id="oc-5e">
         <name>.text</name>
         <load_address>0x200048f0</load_address>
         <run_address>0x200048f0</run_address>
         <size>0x6c</size>
         <input_file_ref idref="fl-136"/>
      </object_component>
      <object_component id="oc-3f">
         <name>.text</name>
         <load_address>0x2000495c</load_address>
         <run_address>0x2000495c</run_address>
         <size>0x6a</size>
         <input_file_ref idref="fl-12d"/>
      </object_component>
      <object_component id="oc-154">
         <name>.text:PRCMPeripheralReset</name>
         <load_address>0x200049c8</load_address>
         <run_address>0x200049c8</run_address>
         <size>0x58</size>
         <input_file_ref idref="fl-13a"/>
      </object_component>
      <object_component id="oc-90">
         <name>.text</name>
         <load_address>0x20004a20</load_address>
         <run_address>0x20004a20</run_address>
         <size>0x4c</size>
         <input_file_ref idref="fl-137"/>
      </object_component>
      <object_component id="oc-bf">
         <name>.text:TimerConfigure</name>
         <load_address>0x20004a6c</load_address>
         <run_address>0x20004a6c</run_address>
         <size>0x44</size>
         <input_file_ref idref="fl-13b"/>
      </object_component>
      <object_component id="oc-6a">
         <name>.text</name>
         <load_address>0x20004ab0</load_address>
         <run_address>0x20004ab0</run_address>
         <size>0x44</size>
         <input_file_ref idref="fl-12f"/>
      </object_component>
      <object_component id="oc-176">
         <name>.text:PinModeSet</name>
         <load_address>0x20004af4</load_address>
         <run_address>0x20004af4</run_address>
         <size>0x40</size>
         <input_file_ref idref="fl-139"/>
      </object_component>
      <object_component id="oc-d7">
         <name>.text:PRCMPeripheralClkEnable</name>
         <load_address>0x20004b34</load_address>
         <run_address>0x20004b34</run_address>
         <size>0x3c</size>
         <input_file_ref idref="fl-13a"/>
      </object_component>
      <object_component id="oc-24">
         <name>.text</name>
         <load_address>0x20004b70</load_address>
         <run_address>0x20004b70</run_address>
         <size>0x3c</size>
         <input_file_ref idref="fl-12b"/>
      </object_component>
      <object_component id="oc-cb">
         <name>.text:TimerControlLevel</name>
         <load_address>0x20004bac</load_address>
         <run_address>0x20004bac</run_address>
         <size>0x36</size>
         <input_file_ref idref="fl-13b"/>
      </object_component>
      <object_component id="oc-15a">
         <name>.text:PRCMSysResetCauseGet</name>
         <load_address>0x20004be4</load_address>
         <run_address>0x20004be4</run_address>
         <size>0x2c</size>
         <input_file_ref idref="fl-13a"/>
      </object_component>
      <object_component id="oc-107">
         <name>.text</name>
         <load_address>0x20004c10</load_address>
         <run_address>0x20004c10</run_address>
         <size>0x2c</size>
         <input_file_ref idref="fl-3"/>
      </object_component>
      <object_component id="oc-d1">
         <name>.text:TimerLoadSet</name>
         <load_address>0x20004c3c</load_address>
         <run_address>0x20004c3c</run_address>
         <size>0x2a</size>
         <input_file_ref idref="fl-13b"/>
      </object_component>
      <object_component id="oc-b9">
         <name>.text:TimerMatchSet</name>
         <load_address>0x20004c66</load_address>
         <run_address>0x20004c66</run_address>
         <size>0x2a</size>
         <input_file_ref idref="fl-13b"/>
      </object_component>
      <object_component id="oc-c5">
         <name>.text:TimerPrescaleSet</name>
         <load_address>0x20004c90</load_address>
         <run_address>0x20004c90</run_address>
         <size>0x2a</size>
         <input_file_ref idref="fl-13b"/>
      </object_component>
      <object_component id="oc-e9">
         <name>.text:PRCMPeripheralClkDisable</name>
         <load_address>0x20004cbc</load_address>
         <run_address>0x20004cbc</run_address>
         <size>0x28</size>
         <input_file_ref idref="fl-13a"/>
      </object_component>
      <object_component id="oc-e3">
         <name>.text:TimerDisable</name>
         <load_address>0x20004ce4</load_address>
         <run_address>0x20004ce4</run_address>
         <size>0x1e</size>
         <input_file_ref idref="fl-13b"/>
      </object_component>
      <object_component id="oc-dd">
         <name>.text:TimerEnable</name>
         <load_address>0x20004d02</load_address>
         <run_address>0x20004d02</run_address>
         <size>0x1e</size>
         <input_file_ref idref="fl-13b"/>
      </object_component>
      <object_component id="oc-161">
         <name>.text:PinTypeTimer</name>
         <load_address>0x20004d20</load_address>
         <run_address>0x20004d20</run_address>
         <size>0x1a</size>
         <input_file_ref idref="fl-139"/>
      </object_component>
      <object_component id="oc-64">
         <name>.text</name>
         <load_address>0x20004d3c</load_address>
         <run_address>0x20004d3c</run_address>
         <size>0x18</size>
         <input_file_ref idref="fl-135"/>
      </object_component>
      <object_component id="oc-148">
         <name>.text:PRCMHIBRegRead</name>
         <load_address>0x20004d54</load_address>
         <run_address>0x20004d54</run_address>
         <size>0x16</size>
         <input_file_ref idref="fl-13a"/>
      </object_component>
      <object_component id="oc-14e">
         <name>.text:PRCMHIBRegWrite</name>
         <load_address>0x20004d6a</load_address>
         <run_address>0x20004d6a</run_address>
         <size>0x16</size>
         <input_file_ref idref="fl-13a"/>
      </object_component>
      <object_component id="oc-13d">
         <name>.text:CPUcpsie</name>
         <load_address>0x20004d80</load_address>
         <run_address>0x20004d80</run_address>
         <size>0x14</size>
         <input_file_ref idref="fl-13d"/>
      </object_component>
      <object_component id="oc-ef">
         <name>.text:IntVTableBaseSet</name>
         <load_address>0x20004d94</load_address>
         <run_address>0x20004d94</run_address>
         <size>0x14</size>
         <input_file_ref idref="fl-138"/>
      </object_component>
      <object_component id="oc-116">
         <name>.text</name>
         <load_address>0x20004da8</load_address>
         <run_address>0x20004da8</run_address>
         <size>0x14</size>
         <input_file_ref idref="fl-134"/>
      </object_component>
      <object_component id="oc-12">
         <name>.text:decompress:none</name>
         <load_address>0x20004dbc</load_address>
         <run_address>0x20004dbc</run_address>
         <size>0xe</size>
         <input_file_ref idref="fl-12c"/>
      </object_component>
      <object_component id="oc-2a">
         <name>.text</name>
         <load_address>0x20004dca</load_address>
         <run_address>0x20004dca</run_address>
         <size>0xe</size>
         <input_file_ref idref="fl-4"/>
      </object_component>
      <object_component id="oc-f5">
         <name>.text:IntMasterEnable</name>
         <load_address>0x20004dd8</load_address>
         <run_address>0x20004dd8</run_address>
         <size>0xa</size>
         <input_file_ref idref="fl-138"/>
      </object_component>
      <object_component id="oc-10d">
         <name>.text:UtilsDelay</name>
         <load_address>0x20004de2</load_address>
         <run_address>0x20004de2</run_address>
         <size>0x6</size>
         <input_file_ref idref="fl-13c"/>
      </object_component>
      <object_component id="oc-18">
         <name>.text:decompress:rle24</name>
         <load_address>0x20004de8</load_address>
         <run_address>0x20004de8</run_address>
         <size>0x6</size>
         <input_file_ref idref="fl-12d"/>
      </object_component>
      <object_component id="oc-58">
         <name>.text</name>
         <load_address>0x20004dee</load_address>
         <run_address>0x20004dee</run_address>
         <size>0x4</size>
         <input_file_ref idref="fl-132"/>
      </object_component>
      <object_component id="oc-18c">
         <name>.const:g_ulPinToPadMap</name>
         <load_address>0x20004df4</load_address>
         <run_address>0x20004df4</run_address>
         <size>0x100</size>
         <input_file_ref idref="fl-139"/>
      </object_component>
      <object_component id="oc-135">
         <name>.const:PRCM_PeriphRegsList</name>
         <load_address>0x20004ef4</load_address>
         <run_address>0x20004ef4</run_address>
         <size>0xa8</size>
         <input_file_ref idref="fl-13a"/>
      </object_component>
      <object_component id="oc-144">
         <name>.const</name>
         <load_address>0x20004f9c</load_address>
         <run_address>0x20004f9c</run_address>
         <size>0x80</size>
         <input_file_ref idref="fl-138"/>
      </object_component>
      <object_component id="oc-1b9">
         <name>.cinit..data.load</name>
         <load_address>0x20005020</load_address>
         <run_address>0x20005020</run_address>
         <size>0x11</size>
      </object_component>
      <object_component id="oc-1b7">
         <name>__TI_handler_table</name>
         <load_address>0x20005034</load_address>
         <run_address>0x20005034</run_address>
         <size>0x8</size>
      </object_component>
      <object_component id="oc-1b8">
         <name>__TI_cinit_table</name>
         <load_address>0x2000503c</load_address>
         <run_address>0x2000503c</run_address>
         <size>0x8</size>
      </object_component>
      <object_component id="oc-29">
         <name>.stack</name>
         <uninitialized>true</uninitialized>
         <run_address>0x2002f800</run_address>
         <size>0x0</size>
         <input_file_ref idref="fl-12b"/>
      </object_component>
      <object_component id="oc-1ba">
         <name>.stack</name>
         <uninitialized>true</uninitialized>
         <run_address>0x2002f800</run_address>
         <size>0x0</size>
      </object_component>
      <object_component id="oc-a3">
         <name>.data</name>
         <load_address>0x20017008</load_address>
         <run_address>0x20017008</run_address>
         <size>0x8</size>
         <input_file_ref idref="fl-12f"/>
      </object_component>
      <object_component id="oc-70">
         <name>.data</name>
         <load_address>0x20017010</load_address>
         <run_address>0x20017010</run_address>
         <size>0x4</size>
         <input_file_ref idref="fl-133"/>
      </object_component>
      <object_component id="oc-a0">
         <name>.data</name>
         <load_address>0x20017000</load_address>
         <run_address>0x20017000</run_address>
         <size>0x8</size>
         <input_file_ref idref="fl-134"/>
      </object_component>
      <object_component id="oc-99">
         <name>.debug_info</name>
         <load_address>0x0</load_address>
         <run_address>0x0</run_address>
         <size>0x662</size>
         <input_file_ref idref="fl-2"/>
      </object_component>
      <object_component id="oc-185">
         <name>.debug_info</name>
         <load_address>0x662</load_address>
         <run_address>0x662</run_address>
         <size>0x62</size>
         <input_file_ref idref="fl-2"/>
      </object_component>
      <object_component id="oc-77">
         <name>.debug_info</name>
         <load_address>0x6c4</load_address>
         <run_address>0x6c4</run_address>
         <size>0x84</size>
         <input_file_ref idref="fl-2"/>
      </object_component>
      <object_component id="oc-12f">
         <name>.debug_info</name>
         <load_address>0x748</load_address>
         <run_address>0x748</run_address>
         <size>0x2c</size>
         <input_file_ref idref="fl-2"/>
      </object_component>
      <object_component id="oc-108">
         <name>.debug_info</name>
         <load_address>0x774</load_address>
         <run_address>0x774</run_address>
         <size>0x16c</size>
         <input_file_ref idref="fl-3"/>
      </object_component>
      <object_component id="oc-32">
         <name>.debug_info</name>
         <load_address>0x8e0</load_address>
         <run_address>0x8e0</run_address>
         <size>0x116</size>
         <input_file_ref idref="fl-4"/>
      </object_component>
      <object_component id="oc-10">
         <name>.debug_info</name>
         <load_address>0x9f6</load_address>
         <run_address>0x9f6</run_address>
         <size>0xfb</size>
         <input_file_ref idref="fl-4"/>
      </object_component>
      <object_component id="oc-2b">
         <name>.debug_info</name>
         <load_address>0xaf1</load_address>
         <run_address>0xaf1</run_address>
         <size>0x41c</size>
         <input_file_ref idref="fl-4"/>
      </object_component>
      <object_component id="oc-27">
         <name>.debug_info</name>
         <load_address>0xf0d</load_address>
         <run_address>0xf0d</run_address>
         <size>0x11e</size>
         <input_file_ref idref="fl-12b"/>
      </object_component>
      <object_component id="oc-3e">
         <name>.debug_info</name>
         <load_address>0x102b</load_address>
         <run_address>0x102b</run_address>
         <size>0x109</size>
         <input_file_ref idref="fl-12c"/>
      </object_component>
      <object_component id="oc-14">
         <name>.debug_info</name>
         <load_address>0x1134</load_address>
         <run_address>0x1134</run_address>
         <size>0x1a8</size>
         <input_file_ref idref="fl-12c"/>
      </object_component>
      <object_component id="oc-39">
         <name>.debug_info</name>
         <load_address>0x12dc</load_address>
         <run_address>0x12dc</run_address>
         <size>0x46</size>
         <input_file_ref idref="fl-12c"/>
      </object_component>
      <object_component id="oc-7d">
         <name>.debug_info</name>
         <load_address>0x1322</load_address>
         <run_address>0x1322</run_address>
         <size>0x2c</size>
         <input_file_ref idref="fl-12c"/>
      </object_component>
      <object_component id="oc-46">
         <name>.debug_info</name>
         <load_address>0x134e</load_address>
         <run_address>0x134e</run_address>
         <size>0xfd</size>
         <input_file_ref idref="fl-12d"/>
      </object_component>
      <object_component id="oc-40">
         <name>.debug_info</name>
         <load_address>0x144b</load_address>
         <run_address>0x144b</run_address>
         <size>0x210</size>
         <input_file_ref idref="fl-12d"/>
      </object_component>
      <object_component id="oc-19">
         <name>.debug_info</name>
         <load_address>0x165b</load_address>
         <run_address>0x165b</run_address>
         <size>0x1a2</size>
         <input_file_ref idref="fl-12d"/>
      </object_component>
      <object_component id="oc-47">
         <name>.debug_info</name>
         <load_address>0x17fd</load_address>
         <run_address>0x17fd</run_address>
         <size>0x39</size>
         <input_file_ref idref="fl-12d"/>
      </object_component>
      <object_component id="oc-87">
         <name>.debug_info</name>
         <load_address>0x1836</load_address>
         <run_address>0x1836</run_address>
         <size>0x2c</size>
         <input_file_ref idref="fl-12d"/>
      </object_component>
      <object_component id="oc-a7">
         <name>.debug_info</name>
         <load_address>0x1862</load_address>
         <run_address>0x1862</run_address>
         <size>0x15a</size>
         <input_file_ref idref="fl-12f"/>
      </object_component>
      <object_component id="oc-a4">
         <name>.debug_info</name>
         <load_address>0x19bc</load_address>
         <run_address>0x19bc</run_address>
         <size>0xff</size>
         <input_file_ref idref="fl-12f"/>
      </object_component>
      <object_component id="oc-6d">
         <name>.debug_info</name>
         <load_address>0x1abb</load_address>
         <run_address>0x1abb</run_address>
         <size>0x1d6</size>
         <input_file_ref idref="fl-12f"/>
      </object_component>
      <object_component id="oc-34">
         <name>.debug_info</name>
         <load_address>0x1c91</load_address>
         <run_address>0x1c91</run_address>
         <size>0xe0</size>
         <input_file_ref idref="fl-130"/>
      </object_component>
      <object_component id="oc-4d">
         <name>.debug_info</name>
         <load_address>0x1d71</load_address>
         <run_address>0x1d71</run_address>
         <size>0x110</size>
         <input_file_ref idref="fl-131"/>
      </object_component>
      <object_component id="oc-59">
         <name>.debug_info</name>
         <load_address>0x1e81</load_address>
         <run_address>0x1e81</run_address>
         <size>0x111</size>
         <input_file_ref idref="fl-132"/>
      </object_component>
      <object_component id="oc-71">
         <name>.debug_info</name>
         <load_address>0x1f92</load_address>
         <run_address>0x1f92</run_address>
         <size>0xd2</size>
         <input_file_ref idref="fl-133"/>
      </object_component>
      <object_component id="oc-11e">
         <name>.debug_info</name>
         <load_address>0x2064</load_address>
         <run_address>0x2064</run_address>
         <size>0xed</size>
         <input_file_ref idref="fl-134"/>
      </object_component>
      <object_component id="oc-a1">
         <name>.debug_info</name>
         <load_address>0x2151</load_address>
         <run_address>0x2151</run_address>
         <size>0xdc</size>
         <input_file_ref idref="fl-134"/>
      </object_component>
      <object_component id="oc-117">
         <name>.debug_info</name>
         <load_address>0x222d</load_address>
         <run_address>0x222d</run_address>
         <size>0x1e8</size>
         <input_file_ref idref="fl-134"/>
      </object_component>
      <object_component id="oc-9f">
         <name>.debug_info</name>
         <load_address>0x2415</load_address>
         <run_address>0x2415</run_address>
         <size>0x12f</size>
         <input_file_ref idref="fl-135"/>
      </object_component>
      <object_component id="oc-65">
         <name>.debug_info</name>
         <load_address>0x2544</load_address>
         <run_address>0x2544</run_address>
         <size>0x130</size>
         <input_file_ref idref="fl-135"/>
      </object_component>
      <object_component id="oc-111">
         <name>.debug_info</name>
         <load_address>0x2674</load_address>
         <run_address>0x2674</run_address>
         <size>0x5e</size>
         <input_file_ref idref="fl-135"/>
      </object_component>
      <object_component id="oc-97">
         <name>.debug_info</name>
         <load_address>0x26d2</load_address>
         <run_address>0x26d2</run_address>
         <size>0x286</size>
         <input_file_ref idref="fl-136"/>
      </object_component>
      <object_component id="oc-5f">
         <name>.debug_info</name>
         <load_address>0x2958</load_address>
         <run_address>0x2958</run_address>
         <size>0x140</size>
         <input_file_ref idref="fl-136"/>
      </object_component>
      <object_component id="oc-af">
         <name>.debug_info</name>
         <load_address>0x2a98</load_address>
         <run_address>0x2a98</run_address>
         <size>0x39</size>
         <input_file_ref idref="fl-136"/>
      </object_component>
      <object_component id="oc-b4">
         <name>.debug_info</name>
         <load_address>0x2ad1</load_address>
         <run_address>0x2ad1</run_address>
         <size>0xcd</size>
         <input_file_ref idref="fl-136"/>
      </object_component>
      <object_component id="oc-ac">
         <name>.debug_info</name>
         <load_address>0x2b9e</load_address>
         <run_address>0x2b9e</run_address>
         <size>0x1a9</size>
         <input_file_ref idref="fl-137"/>
      </object_component>
      <object_component id="oc-91">
         <name>.debug_info</name>
         <load_address>0x2d47</load_address>
         <run_address>0x2d47</run_address>
         <size>0x165</size>
         <input_file_ref idref="fl-137"/>
      </object_component>
      <object_component id="oc-126">
         <name>.debug_info</name>
         <load_address>0x2eac</load_address>
         <run_address>0x2eac</run_address>
         <size>0x2c</size>
         <input_file_ref idref="fl-137"/>
      </object_component>
      <object_component id="oc-171">
         <name>.debug_info</name>
         <load_address>0x2ed8</load_address>
         <run_address>0x2ed8</run_address>
         <size>0x1bb</size>
         <input_file_ref idref="fl-138"/>
      </object_component>
      <object_component id="oc-145">
         <name>.debug_info</name>
         <load_address>0x3093</load_address>
         <run_address>0x3093</run_address>
         <size>0x1be</size>
         <input_file_ref idref="fl-138"/>
      </object_component>
      <object_component id="oc-f7">
         <name>.debug_info</name>
         <load_address>0x3251</load_address>
         <run_address>0x3251</run_address>
         <size>0x1c8</size>
         <input_file_ref idref="fl-138"/>
      </object_component>
      <object_component id="oc-f1">
         <name>.debug_info</name>
         <load_address>0x3419</load_address>
         <run_address>0x3419</run_address>
         <size>0x1fa</size>
         <input_file_ref idref="fl-138"/>
      </object_component>
      <object_component id="oc-fd">
         <name>.debug_info</name>
         <load_address>0x3613</load_address>
         <run_address>0x3613</run_address>
         <size>0x1eb</size>
         <input_file_ref idref="fl-138"/>
      </object_component>
      <object_component id="oc-193">
         <name>.debug_info</name>
         <load_address>0x37fe</load_address>
         <run_address>0x37fe</run_address>
         <size>0x108</size>
         <input_file_ref idref="fl-139"/>
      </object_component>
      <object_component id="oc-18d">
         <name>.debug_info</name>
         <load_address>0x3906</load_address>
         <run_address>0x3906</run_address>
         <size>0x116</size>
         <input_file_ref idref="fl-139"/>
      </object_component>
      <object_component id="oc-178">
         <name>.debug_info</name>
         <load_address>0x3a1c</load_address>
         <run_address>0x3a1c</run_address>
         <size>0x20b</size>
         <input_file_ref idref="fl-139"/>
      </object_component>
      <object_component id="oc-17d">
         <name>.debug_info</name>
         <load_address>0x3c27</load_address>
         <run_address>0x3c27</run_address>
         <size>0x259</size>
         <input_file_ref idref="fl-139"/>
      </object_component>
      <object_component id="oc-163">
         <name>.debug_info</name>
         <load_address>0x3e80</load_address>
         <run_address>0x3e80</run_address>
         <size>0x222</size>
         <input_file_ref idref="fl-139"/>
      </object_component>
      <object_component id="oc-16d">
         <name>.debug_info</name>
         <load_address>0x40a2</load_address>
         <run_address>0x40a2</run_address>
         <size>0x218</size>
         <input_file_ref idref="fl-13a"/>
      </object_component>
      <object_component id="oc-136">
         <name>.debug_info</name>
         <load_address>0x42ba</load_address>
         <run_address>0x42ba</run_address>
         <size>0x11f</size>
         <input_file_ref idref="fl-13a"/>
      </object_component>
      <object_component id="oc-15b">
         <name>.debug_info</name>
         <load_address>0x43d9</load_address>
         <run_address>0x43d9</run_address>
         <size>0x1f2</size>
         <input_file_ref idref="fl-13a"/>
      </object_component>
      <object_component id="oc-d8">
         <name>.debug_info</name>
         <load_address>0x45cb</load_address>
         <run_address>0x45cb</run_address>
         <size>0x237</size>
         <input_file_ref idref="fl-13a"/>
      </object_component>
      <object_component id="oc-ea">
         <name>.debug_info</name>
         <load_address>0x4802</load_address>
         <run_address>0x4802</run_address>
         <size>0x239</size>
         <input_file_ref idref="fl-13a"/>
      </object_component>
      <object_component id="oc-155">
         <name>.debug_info</name>
         <load_address>0x4a3b</load_address>
         <run_address>0x4a3b</run_address>
         <size>0x20c</size>
         <input_file_ref idref="fl-13a"/>
      </object_component>
      <object_component id="oc-102">
         <name>.debug_info</name>
         <load_address>0x4c47</load_address>
         <run_address>0x4c47</run_address>
         <size>0x27e</size>
         <input_file_ref idref="fl-13a"/>
      </object_component>
      <object_component id="oc-149">
         <name>.debug_info</name>
         <load_address>0x4ec5</load_address>
         <run_address>0x4ec5</run_address>
         <size>0x20b</size>
         <input_file_ref idref="fl-13a"/>
      </object_component>
      <object_component id="oc-14f">
         <name>.debug_info</name>
         <load_address>0x50d0</load_address>
         <run_address>0x50d0</run_address>
         <size>0x220</size>
         <input_file_ref idref="fl-13a"/>
      </object_component>
      <object_component id="oc-de">
         <name>.debug_info</name>
         <load_address>0x52f0</load_address>
         <run_address>0x52f0</run_address>
         <size>0x1fb</size>
         <input_file_ref idref="fl-13b"/>
      </object_component>
      <object_component id="oc-e4">
         <name>.debug_info</name>
         <load_address>0x54eb</load_address>
         <run_address>0x54eb</run_address>
         <size>0x1fd</size>
         <input_file_ref idref="fl-13b"/>
      </object_component>
      <object_component id="oc-c0">
         <name>.debug_info</name>
         <load_address>0x56e8</load_address>
         <run_address>0x56e8</run_address>
         <size>0x205</size>
         <input_file_ref idref="fl-13b"/>
      </object_component>
      <object_component id="oc-cc">
         <name>.debug_info</name>
         <load_address>0x58ed</load_address>
         <run_address>0x58ed</run_address>
         <size>0x237</size>
         <input_file_ref idref="fl-13b"/>
      </object_component>
      <object_component id="oc-c6">
         <name>.debug_info</name>
         <load_address>0x5b24</load_address>
         <run_address>0x5b24</run_address>
         <size>0x237</size>
         <input_file_ref idref="fl-13b"/>
      </object_component>
      <object_component id="oc-d2">
         <name>.debug_info</name>
         <load_address>0x5d5b</load_address>
         <run_address>0x5d5b</run_address>
         <size>0x22f</size>
         <input_file_ref idref="fl-13b"/>
      </object_component>
      <object_component id="oc-ba">
         <name>.debug_info</name>
         <load_address>0x5f8a</load_address>
         <run_address>0x5f8a</run_address>
         <size>0x231</size>
         <input_file_ref idref="fl-13b"/>
      </object_component>
      <object_component id="oc-13e">
         <name>.debug_info</name>
         <load_address>0x61bb</load_address>
         <run_address>0x61bb</run_address>
         <size>0x19a</size>
         <input_file_ref idref="fl-13d"/>
      </object_component>
      <object_component id="oc-1bb">
         <name>.debug_info</name>
         <load_address>0x6355</load_address>
         <run_address>0x6355</run_address>
         <size>0x97</size>
      </object_component>
      <object_component id="oc-9c">
         <name>.debug_line</name>
         <load_address>0x0</load_address>
         <run_address>0x0</run_address>
         <size>0xf5</size>
         <input_file_ref idref="fl-2"/>
      </object_component>
      <object_component id="oc-188">
         <name>.debug_line</name>
         <load_address>0xf5</load_address>
         <run_address>0xf5</run_address>
         <size>0x55</size>
         <input_file_ref idref="fl-2"/>
      </object_component>
      <object_component id="oc-7a">
         <name>.debug_line</name>
         <load_address>0x14a</load_address>
         <run_address>0x14a</run_address>
         <size>0x20</size>
         <input_file_ref idref="fl-2"/>
      </object_component>
      <object_component id="oc-132">
         <name>.debug_line</name>
         <load_address>0x16a</load_address>
         <run_address>0x16a</run_address>
         <size>0x53</size>
         <input_file_ref idref="fl-2"/>
      </object_component>
      <object_component id="oc-10b">
         <name>.debug_line</name>
         <load_address>0x1bd</load_address>
         <run_address>0x1bd</run_address>
         <size>0x4a</size>
         <input_file_ref idref="fl-3"/>
      </object_component>
      <object_component id="oc-76">
         <name>.debug_line</name>
         <load_address>0x207</load_address>
         <run_address>0x207</run_address>
         <size>0x61</size>
         <input_file_ref idref="fl-4"/>
      </object_component>
      <object_component id="oc-31">
         <name>.debug_line</name>
         <load_address>0x268</load_address>
         <run_address>0x268</run_address>
         <size>0x61</size>
         <input_file_ref idref="fl-4"/>
      </object_component>
      <object_component id="oc-2e">
         <name>.debug_line</name>
         <load_address>0x2c9</load_address>
         <run_address>0x2c9</run_address>
         <size>0xd9</size>
         <input_file_ref idref="fl-4"/>
      </object_component>
      <object_component id="oc-25">
         <name>.debug_line</name>
         <load_address>0x3a2</load_address>
         <run_address>0x3a2</run_address>
         <size>0x4c</size>
         <input_file_ref idref="fl-12b"/>
      </object_component>
      <object_component id="oc-83">
         <name>.debug_line</name>
         <load_address>0x3ee</load_address>
         <run_address>0x3ee</run_address>
         <size>0x5a</size>
         <input_file_ref idref="fl-12c"/>
      </object_component>
      <object_component id="oc-13">
         <name>.debug_line</name>
         <load_address>0x448</load_address>
         <run_address>0x448</run_address>
         <size>0x55</size>
         <input_file_ref idref="fl-12c"/>
      </object_component>
      <object_component id="oc-3c">
         <name>.debug_line</name>
         <load_address>0x49d</load_address>
         <run_address>0x49d</run_address>
         <size>0x3a</size>
         <input_file_ref idref="fl-12c"/>
      </object_component>
      <object_component id="oc-80">
         <name>.debug_line</name>
         <load_address>0x4d7</load_address>
         <run_address>0x4d7</run_address>
         <size>0x5a</size>
         <input_file_ref idref="fl-12c"/>
      </object_component>
      <object_component id="oc-86">
         <name>.debug_line</name>
         <load_address>0x531</load_address>
         <run_address>0x531</run_address>
         <size>0x5a</size>
         <input_file_ref idref="fl-12d"/>
      </object_component>
      <object_component id="oc-43">
         <name>.debug_line</name>
         <load_address>0x58b</load_address>
         <run_address>0x58b</run_address>
         <size>0x98</size>
         <input_file_ref idref="fl-12d"/>
      </object_component>
      <object_component id="oc-1c">
         <name>.debug_line</name>
         <load_address>0x623</load_address>
         <run_address>0x623</run_address>
         <size>0x4b</size>
         <input_file_ref idref="fl-12d"/>
      </object_component>
      <object_component id="oc-4a">
         <name>.debug_line</name>
         <load_address>0x66e</load_address>
         <run_address>0x66e</run_address>
         <size>0x39</size>
         <input_file_ref idref="fl-12d"/>
      </object_component>
      <object_component id="oc-8a">
         <name>.debug_line</name>
         <load_address>0x6a7</load_address>
         <run_address>0x6a7</run_address>
         <size>0x5a</size>
         <input_file_ref idref="fl-12d"/>
      </object_component>
      <object_component id="oc-123">
         <name>.debug_line</name>
         <load_address>0x701</load_address>
         <run_address>0x701</run_address>
         <size>0x59</size>
         <input_file_ref idref="fl-12f"/>
      </object_component>
      <object_component id="oc-121">
         <name>.debug_line</name>
         <load_address>0x75a</load_address>
         <run_address>0x75a</run_address>
         <size>0x2a</size>
         <input_file_ref idref="fl-12f"/>
      </object_component>
      <object_component id="oc-6b">
         <name>.debug_line</name>
         <load_address>0x784</load_address>
         <run_address>0x784</run_address>
         <size>0x7a</size>
         <input_file_ref idref="fl-12f"/>
      </object_component>
      <object_component id="oc-37">
         <name>.debug_line</name>
         <load_address>0x7fe</load_address>
         <run_address>0x7fe</run_address>
         <size>0x88</size>
         <input_file_ref idref="fl-130"/>
      </object_component>
      <object_component id="oc-50">
         <name>.debug_line</name>
         <load_address>0x886</load_address>
         <run_address>0x886</run_address>
         <size>0x79</size>
         <input_file_ref idref="fl-131"/>
      </object_component>
      <object_component id="oc-5c">
         <name>.debug_line</name>
         <load_address>0x8ff</load_address>
         <run_address>0x8ff</run_address>
         <size>0x40</size>
         <input_file_ref idref="fl-132"/>
      </object_component>
      <object_component id="oc-aa">
         <name>.debug_line</name>
         <load_address>0x93f</load_address>
         <run_address>0x93f</run_address>
         <size>0x33</size>
         <input_file_ref idref="fl-133"/>
      </object_component>
      <object_component id="oc-16a">
         <name>.debug_line</name>
         <load_address>0x972</load_address>
         <run_address>0x972</run_address>
         <size>0x20</size>
         <input_file_ref idref="fl-134"/>
      </object_component>
      <object_component id="oc-11d">
         <name>.debug_line</name>
         <load_address>0x992</load_address>
         <run_address>0x992</run_address>
         <size>0x2b</size>
         <input_file_ref idref="fl-134"/>
      </object_component>
      <object_component id="oc-11a">
         <name>.debug_line</name>
         <load_address>0x9bd</load_address>
         <run_address>0x9bd</run_address>
         <size>0x68</size>
         <input_file_ref idref="fl-134"/>
      </object_component>
      <object_component id="oc-110">
         <name>.debug_line</name>
         <load_address>0xa25</load_address>
         <run_address>0xa25</run_address>
         <size>0x2b</size>
         <input_file_ref idref="fl-135"/>
      </object_component>
      <object_component id="oc-68">
         <name>.debug_line</name>
         <load_address>0xa50</load_address>
         <run_address>0xa50</run_address>
         <size>0x50</size>
         <input_file_ref idref="fl-135"/>
      </object_component>
      <object_component id="oc-114">
         <name>.debug_line</name>
         <load_address>0xaa0</load_address>
         <run_address>0xaa0</run_address>
         <size>0x2b</size>
         <input_file_ref idref="fl-135"/>
      </object_component>
      <object_component id="oc-ae">
         <name>.debug_line</name>
         <load_address>0xacb</load_address>
         <run_address>0xacb</run_address>
         <size>0x69</size>
         <input_file_ref idref="fl-136"/>
      </object_component>
      <object_component id="oc-62">
         <name>.debug_line</name>
         <load_address>0xb34</load_address>
         <run_address>0xb34</run_address>
         <size>0x79</size>
         <input_file_ref idref="fl-136"/>
      </object_component>
      <object_component id="oc-b2">
         <name>.debug_line</name>
         <load_address>0xbad</load_address>
         <run_address>0xbad</run_address>
         <size>0x2e</size>
         <input_file_ref idref="fl-136"/>
      </object_component>
      <object_component id="oc-b7">
         <name>.debug_line</name>
         <load_address>0xbdb</load_address>
         <run_address>0xbdb</run_address>
         <size>0x5b</size>
         <input_file_ref idref="fl-136"/>
      </object_component>
      <object_component id="oc-125">
         <name>.debug_line</name>
         <load_address>0xc36</load_address>
         <run_address>0xc36</run_address>
         <size>0x68</size>
         <input_file_ref idref="fl-137"/>
      </object_component>
      <object_component id="oc-94">
         <name>.debug_line</name>
         <load_address>0xc9e</load_address>
         <run_address>0xc9e</run_address>
         <size>0x68</size>
         <input_file_ref idref="fl-137"/>
      </object_component>
      <object_component id="oc-129">
         <name>.debug_line</name>
         <load_address>0xd06</load_address>
         <run_address>0xd06</run_address>
         <size>0x2e</size>
         <input_file_ref idref="fl-137"/>
      </object_component>
      <object_component id="oc-18b">
         <name>.debug_line</name>
         <load_address>0xd34</load_address>
         <run_address>0xd34</run_address>
         <size>0x5e</size>
         <input_file_ref idref="fl-138"/>
      </object_component>
      <object_component id="oc-170">
         <name>.debug_line</name>
         <load_address>0xd92</load_address>
         <run_address>0xd92</run_address>
         <size>0x64</size>
         <input_file_ref idref="fl-138"/>
      </object_component>
      <object_component id="oc-f6">
         <name>.debug_line</name>
         <load_address>0xdf6</load_address>
         <run_address>0xdf6</run_address>
         <size>0x7c</size>
         <input_file_ref idref="fl-138"/>
      </object_component>
      <object_component id="oc-f0">
         <name>.debug_line</name>
         <load_address>0xe72</load_address>
         <run_address>0xe72</run_address>
         <size>0x7c</size>
         <input_file_ref idref="fl-138"/>
      </object_component>
      <object_component id="oc-fc">
         <name>.debug_line</name>
         <load_address>0xeee</load_address>
         <run_address>0xeee</run_address>
         <size>0xad</size>
         <input_file_ref idref="fl-138"/>
      </object_component>
      <object_component id="oc-195">
         <name>.debug_line</name>
         <load_address>0xf9b</load_address>
         <run_address>0xf9b</run_address>
         <size>0x20</size>
         <input_file_ref idref="fl-139"/>
      </object_component>
      <object_component id="oc-192">
         <name>.debug_line</name>
         <load_address>0xfbb</load_address>
         <run_address>0xfbb</run_address>
         <size>0x5e</size>
         <input_file_ref idref="fl-139"/>
      </object_component>
      <object_component id="oc-17b">
         <name>.debug_line</name>
         <load_address>0x1019</load_address>
         <run_address>0x1019</run_address>
         <size>0x78</size>
         <input_file_ref idref="fl-139"/>
      </object_component>
      <object_component id="oc-180">
         <name>.debug_line</name>
         <load_address>0x1091</load_address>
         <run_address>0x1091</run_address>
         <size>0x84</size>
         <input_file_ref idref="fl-139"/>
      </object_component>
      <object_component id="oc-162">
         <name>.debug_line</name>
         <load_address>0x1115</load_address>
         <run_address>0x1115</run_address>
         <size>0x77</size>
         <input_file_ref idref="fl-139"/>
      </object_component>
      <object_component id="oc-184">
         <name>.debug_line</name>
         <load_address>0x118c</load_address>
         <run_address>0x118c</run_address>
         <size>0x122</size>
         <input_file_ref idref="fl-13a"/>
      </object_component>
      <object_component id="oc-16c">
         <name>.debug_line</name>
         <load_address>0x12ae</load_address>
         <run_address>0x12ae</run_address>
         <size>0x5f</size>
         <input_file_ref idref="fl-13a"/>
      </object_component>
      <object_component id="oc-15e">
         <name>.debug_line</name>
         <load_address>0x130d</load_address>
         <run_address>0x130d</run_address>
         <size>0x81</size>
         <input_file_ref idref="fl-13a"/>
      </object_component>
      <object_component id="oc-db">
         <name>.debug_line</name>
         <load_address>0x138e</load_address>
         <run_address>0x138e</run_address>
         <size>0x80</size>
         <input_file_ref idref="fl-13a"/>
      </object_component>
      <object_component id="oc-ed">
         <name>.debug_line</name>
         <load_address>0x140e</load_address>
         <run_address>0x140e</run_address>
         <size>0x77</size>
         <input_file_ref idref="fl-13a"/>
      </object_component>
      <object_component id="oc-158">
         <name>.debug_line</name>
         <load_address>0x1485</load_address>
         <run_address>0x1485</run_address>
         <size>0x89</size>
         <input_file_ref idref="fl-13a"/>
      </object_component>
      <object_component id="oc-105">
         <name>.debug_line</name>
         <load_address>0x150e</load_address>
         <run_address>0x150e</run_address>
         <size>0xc8</size>
         <input_file_ref idref="fl-13a"/>
      </object_component>
      <object_component id="oc-14c">
         <name>.debug_line</name>
         <load_address>0x15d6</load_address>
         <run_address>0x15d6</run_address>
         <size>0x79</size>
         <input_file_ref idref="fl-13a"/>
      </object_component>
      <object_component id="oc-152">
         <name>.debug_line</name>
         <load_address>0x164f</load_address>
         <run_address>0x164f</run_address>
         <size>0x78</size>
         <input_file_ref idref="fl-13a"/>
      </object_component>
      <object_component id="oc-e1">
         <name>.debug_line</name>
         <load_address>0x16c7</load_address>
         <run_address>0x16c7</run_address>
         <size>0x78</size>
         <input_file_ref idref="fl-13b"/>
      </object_component>
      <object_component id="oc-e7">
         <name>.debug_line</name>
         <load_address>0x173f</load_address>
         <run_address>0x173f</run_address>
         <size>0x78</size>
         <input_file_ref idref="fl-13b"/>
      </object_component>
      <object_component id="oc-c3">
         <name>.debug_line</name>
         <load_address>0x17b7</load_address>
         <run_address>0x17b7</run_address>
         <size>0x7c</size>
         <input_file_ref idref="fl-13b"/>
      </object_component>
      <object_component id="oc-cf">
         <name>.debug_line</name>
         <load_address>0x1833</load_address>
         <run_address>0x1833</run_address>
         <size>0x79</size>
         <input_file_ref idref="fl-13b"/>
      </object_component>
      <object_component id="oc-c9">
         <name>.debug_line</name>
         <load_address>0x18ac</load_address>
         <run_address>0x18ac</run_address>
         <size>0x81</size>
         <input_file_ref idref="fl-13b"/>
      </object_component>
      <object_component id="oc-d5">
         <name>.debug_line</name>
         <load_address>0x192d</load_address>
         <run_address>0x192d</run_address>
         <size>0x81</size>
         <input_file_ref idref="fl-13b"/>
      </object_component>
      <object_component id="oc-bd">
         <name>.debug_line</name>
         <load_address>0x19ae</load_address>
         <run_address>0x19ae</run_address>
         <size>0x81</size>
         <input_file_ref idref="fl-13b"/>
      </object_component>
      <object_component id="oc-141">
         <name>.debug_line</name>
         <load_address>0x1a2f</load_address>
         <run_address>0x1a2f</run_address>
         <size>0x77</size>
         <input_file_ref idref="fl-13d"/>
      </object_component>
      <object_component id="oc-9d">
         <name>.debug_frame</name>
         <load_address>0x0</load_address>
         <run_address>0x0</run_address>
         <size>0xc6</size>
         <input_file_ref idref="fl-2"/>
      </object_component>
      <object_component id="oc-10c">
         <name>.debug_frame</name>
         <load_address>0xc6</load_address>
         <run_address>0xc6</run_address>
         <size>0x46</size>
         <input_file_ref idref="fl-3"/>
      </object_component>
      <object_component id="oc-2f">
         <name>.debug_frame</name>
         <load_address>0x10c</load_address>
         <run_address>0x10c</run_address>
         <size>0x83</size>
         <input_file_ref idref="fl-4"/>
      </object_component>
      <object_component id="oc-17">
         <name>.debug_frame</name>
         <load_address>0x18f</load_address>
         <run_address>0x18f</run_address>
         <size>0x3f</size>
         <input_file_ref idref="fl-12c"/>
      </object_component>
      <object_component id="oc-44">
         <name>.debug_frame</name>
         <load_address>0x1ce</load_address>
         <run_address>0x1ce</run_address>
         <size>0x4e</size>
         <input_file_ref idref="fl-12d"/>
      </object_component>
      <object_component id="oc-1d">
         <name>.debug_frame</name>
         <load_address>0x21c</load_address>
         <run_address>0x21c</run_address>
         <size>0x3f</size>
         <input_file_ref idref="fl-12d"/>
      </object_component>
      <object_component id="oc-6c">
         <name>.debug_frame</name>
         <load_address>0x25b</load_address>
         <run_address>0x25b</run_address>
         <size>0x73</size>
         <input_file_ref idref="fl-12f"/>
      </object_component>
      <object_component id="oc-5d">
         <name>.debug_frame</name>
         <load_address>0x2ce</load_address>
         <run_address>0x2ce</run_address>
         <size>0x3f</size>
         <input_file_ref idref="fl-132"/>
      </object_component>
      <object_component id="oc-11b">
         <name>.debug_frame</name>
         <load_address>0x30d</load_address>
         <run_address>0x30d</run_address>
         <size>0x61</size>
         <input_file_ref idref="fl-134"/>
      </object_component>
      <object_component id="oc-69">
         <name>.debug_frame</name>
         <load_address>0x36e</load_address>
         <run_address>0x36e</run_address>
         <size>0x3f</size>
         <input_file_ref idref="fl-135"/>
      </object_component>
      <object_component id="oc-63">
         <name>.debug_frame</name>
         <load_address>0x3ad</load_address>
         <run_address>0x3ad</run_address>
         <size>0x4a</size>
         <input_file_ref idref="fl-136"/>
      </object_component>
      <object_component id="oc-95">
         <name>.debug_frame</name>
         <load_address>0x3f7</load_address>
         <run_address>0x3f7</run_address>
         <size>0x4e</size>
         <input_file_ref idref="fl-137"/>
      </object_component>
      <object_component id="oc-fa">
         <name>.debug_frame</name>
         <load_address>0x445</load_address>
         <run_address>0x445</run_address>
         <size>0x46</size>
         <input_file_ref idref="fl-138"/>
      </object_component>
      <object_component id="oc-f4">
         <name>.debug_frame</name>
         <load_address>0x48b</load_address>
         <run_address>0x48b</run_address>
         <size>0x45</size>
         <input_file_ref idref="fl-138"/>
      </object_component>
      <object_component id="oc-100">
         <name>.debug_frame</name>
         <load_address>0x4d0</load_address>
         <run_address>0x4d0</run_address>
         <size>0x45</size>
         <input_file_ref idref="fl-138"/>
      </object_component>
      <object_component id="oc-177">
         <name>.debug_frame</name>
         <load_address>0x515</load_address>
         <run_address>0x515</run_address>
         <size>0x45</size>
         <input_file_ref idref="fl-139"/>
      </object_component>
      <object_component id="oc-181">
         <name>.debug_frame</name>
         <load_address>0x55a</load_address>
         <run_address>0x55a</run_address>
         <size>0x45</size>
         <input_file_ref idref="fl-139"/>
      </object_component>
      <object_component id="oc-166">
         <name>.debug_frame</name>
         <load_address>0x59f</load_address>
         <run_address>0x59f</run_address>
         <size>0x4a</size>
         <input_file_ref idref="fl-139"/>
      </object_component>
      <object_component id="oc-15f">
         <name>.debug_frame</name>
         <load_address>0x5e9</load_address>
         <run_address>0x5e9</run_address>
         <size>0x46</size>
         <input_file_ref idref="fl-13a"/>
      </object_component>
      <object_component id="oc-dc">
         <name>.debug_frame</name>
         <load_address>0x62f</load_address>
         <run_address>0x62f</run_address>
         <size>0x45</size>
         <input_file_ref idref="fl-13a"/>
      </object_component>
      <object_component id="oc-ee">
         <name>.debug_frame</name>
         <load_address>0x674</load_address>
         <run_address>0x674</run_address>
         <size>0x45</size>
         <input_file_ref idref="fl-13a"/>
      </object_component>
      <object_component id="oc-159">
         <name>.debug_frame</name>
         <load_address>0x6b9</load_address>
         <run_address>0x6b9</run_address>
         <size>0x45</size>
         <input_file_ref idref="fl-13a"/>
      </object_component>
      <object_component id="oc-106">
         <name>.debug_frame</name>
         <load_address>0x6fe</load_address>
         <run_address>0x6fe</run_address>
         <size>0x47</size>
         <input_file_ref idref="fl-13a"/>
      </object_component>
      <object_component id="oc-14d">
         <name>.debug_frame</name>
         <load_address>0x745</load_address>
         <run_address>0x745</run_address>
         <size>0x4a</size>
         <input_file_ref idref="fl-13a"/>
      </object_component>
      <object_component id="oc-153">
         <name>.debug_frame</name>
         <load_address>0x78f</load_address>
         <run_address>0x78f</run_address>
         <size>0x4a</size>
         <input_file_ref idref="fl-13a"/>
      </object_component>
      <object_component id="oc-e2">
         <name>.debug_frame</name>
         <load_address>0x7d9</load_address>
         <run_address>0x7d9</run_address>
         <size>0x45</size>
         <input_file_ref idref="fl-13b"/>
      </object_component>
      <object_component id="oc-e8">
         <name>.debug_frame</name>
         <load_address>0x81e</load_address>
         <run_address>0x81e</run_address>
         <size>0x45</size>
         <input_file_ref idref="fl-13b"/>
      </object_component>
      <object_component id="oc-c4">
         <name>.debug_frame</name>
         <load_address>0x863</load_address>
         <run_address>0x863</run_address>
         <size>0x45</size>
         <input_file_ref idref="fl-13b"/>
      </object_component>
      <object_component id="oc-d0">
         <name>.debug_frame</name>
         <load_address>0x8a8</load_address>
         <run_address>0x8a8</run_address>
         <size>0x45</size>
         <input_file_ref idref="fl-13b"/>
      </object_component>
      <object_component id="oc-ca">
         <name>.debug_frame</name>
         <load_address>0x8ed</load_address>
         <run_address>0x8ed</run_address>
         <size>0x45</size>
         <input_file_ref idref="fl-13b"/>
      </object_component>
      <object_component id="oc-d6">
         <name>.debug_frame</name>
         <load_address>0x932</load_address>
         <run_address>0x932</run_address>
         <size>0x45</size>
         <input_file_ref idref="fl-13b"/>
      </object_component>
      <object_component id="oc-be">
         <name>.debug_frame</name>
         <load_address>0x977</load_address>
         <run_address>0x977</run_address>
         <size>0x45</size>
         <input_file_ref idref="fl-13b"/>
      </object_component>
      <object_component id="oc-142">
         <name>.debug_frame</name>
         <load_address>0x9bc</load_address>
         <run_address>0x9bc</run_address>
         <size>0x3f</size>
         <input_file_ref idref="fl-13d"/>
      </object_component>
      <object_component id="oc-10e">
         <name>.debug_abbrev</name>
         <load_address>0x0</load_address>
         <run_address>0x0</run_address>
         <size>0xd2</size>
         <input_file_ref idref="fl-2"/>
      </object_component>
      <object_component id="oc-187">
         <name>.debug_abbrev</name>
         <load_address>0xd2</load_address>
         <run_address>0xd2</run_address>
         <size>0x4b</size>
         <input_file_ref idref="fl-2"/>
      </object_component>
      <object_component id="oc-79">
         <name>.debug_abbrev</name>
         <load_address>0x11d</load_address>
         <run_address>0x11d</run_address>
         <size>0x1f</size>
         <input_file_ref idref="fl-2"/>
      </object_component>
      <object_component id="oc-131">
         <name>.debug_abbrev</name>
         <load_address>0x13c</load_address>
         <run_address>0x13c</run_address>
         <size>0x24</size>
         <input_file_ref idref="fl-2"/>
      </object_component>
      <object_component id="oc-167">
         <name>.debug_abbrev</name>
         <load_address>0x160</load_address>
         <run_address>0x160</run_address>
         <size>0x5e</size>
         <input_file_ref idref="fl-3"/>
      </object_component>
      <object_component id="oc-75">
         <name>.debug_abbrev</name>
         <load_address>0x1be</load_address>
         <run_address>0x1be</run_address>
         <size>0x5d</size>
         <input_file_ref idref="fl-4"/>
      </object_component>
      <object_component id="oc-30">
         <name>.debug_abbrev</name>
         <load_address>0x21b</load_address>
         <run_address>0x21b</run_address>
         <size>0x29</size>
         <input_file_ref idref="fl-4"/>
      </object_component>
      <object_component id="oc-74">
         <name>.debug_abbrev</name>
         <load_address>0x244</load_address>
         <run_address>0x244</run_address>
         <size>0xa2</size>
         <input_file_ref idref="fl-4"/>
      </object_component>
      <object_component id="oc-73">
         <name>.debug_abbrev</name>
         <load_address>0x2e6</load_address>
         <run_address>0x2e6</run_address>
         <size>0x3d</size>
         <input_file_ref idref="fl-12b"/>
      </object_component>
      <object_component id="oc-82">
         <name>.debug_abbrev</name>
         <load_address>0x323</load_address>
         <run_address>0x323</run_address>
         <size>0x52</size>
         <input_file_ref idref="fl-12c"/>
      </object_component>
      <object_component id="oc-38">
         <name>.debug_abbrev</name>
         <load_address>0x375</load_address>
         <run_address>0x375</run_address>
         <size>0x74</size>
         <input_file_ref idref="fl-12c"/>
      </object_component>
      <object_component id="oc-3b">
         <name>.debug_abbrev</name>
         <load_address>0x3e9</load_address>
         <run_address>0x3e9</run_address>
         <size>0x24</size>
         <input_file_ref idref="fl-12c"/>
      </object_component>
      <object_component id="oc-7f">
         <name>.debug_abbrev</name>
         <load_address>0x40d</load_address>
         <run_address>0x40d</run_address>
         <size>0x24</size>
         <input_file_ref idref="fl-12c"/>
      </object_component>
      <object_component id="oc-85">
         <name>.debug_abbrev</name>
         <load_address>0x431</load_address>
         <run_address>0x431</run_address>
         <size>0x52</size>
         <input_file_ref idref="fl-12d"/>
      </object_component>
      <object_component id="oc-84">
         <name>.debug_abbrev</name>
         <load_address>0x483</load_address>
         <run_address>0x483</run_address>
         <size>0x7b</size>
         <input_file_ref idref="fl-12d"/>
      </object_component>
      <object_component id="oc-45">
         <name>.debug_abbrev</name>
         <load_address>0x4fe</load_address>
         <run_address>0x4fe</run_address>
         <size>0x74</size>
         <input_file_ref idref="fl-12d"/>
      </object_component>
      <object_component id="oc-49">
         <name>.debug_abbrev</name>
         <load_address>0x572</load_address>
         <run_address>0x572</run_address>
         <size>0x24</size>
         <input_file_ref idref="fl-12d"/>
      </object_component>
      <object_component id="oc-89">
         <name>.debug_abbrev</name>
         <load_address>0x596</load_address>
         <run_address>0x596</run_address>
         <size>0x24</size>
         <input_file_ref idref="fl-12d"/>
      </object_component>
      <object_component id="oc-122">
         <name>.debug_abbrev</name>
         <load_address>0x5ba</load_address>
         <run_address>0x5ba</run_address>
         <size>0x6b</size>
         <input_file_ref idref="fl-12f"/>
      </object_component>
      <object_component id="oc-120">
         <name>.debug_abbrev</name>
         <load_address>0x625</load_address>
         <run_address>0x625</run_address>
         <size>0x29</size>
         <input_file_ref idref="fl-12f"/>
      </object_component>
      <object_component id="oc-a6">
         <name>.debug_abbrev</name>
         <load_address>0x64e</load_address>
         <run_address>0x64e</run_address>
         <size>0xba</size>
         <input_file_ref idref="fl-12f"/>
      </object_component>
      <object_component id="oc-7c">
         <name>.debug_abbrev</name>
         <load_address>0x708</load_address>
         <run_address>0x708</run_address>
         <size>0x3d</size>
         <input_file_ref idref="fl-130"/>
      </object_component>
      <object_component id="oc-8c">
         <name>.debug_abbrev</name>
         <load_address>0x745</load_address>
         <run_address>0x745</run_address>
         <size>0x4d</size>
         <input_file_ref idref="fl-131"/>
      </object_component>
      <object_component id="oc-8f">
         <name>.debug_abbrev</name>
         <load_address>0x792</load_address>
         <run_address>0x792</run_address>
         <size>0x55</size>
         <input_file_ref idref="fl-132"/>
      </object_component>
      <object_component id="oc-a9">
         <name>.debug_abbrev</name>
         <load_address>0x7e7</load_address>
         <run_address>0x7e7</run_address>
         <size>0x27</size>
         <input_file_ref idref="fl-133"/>
      </object_component>
      <object_component id="oc-169">
         <name>.debug_abbrev</name>
         <load_address>0x80e</load_address>
         <run_address>0x80e</run_address>
         <size>0x45</size>
         <input_file_ref idref="fl-134"/>
      </object_component>
      <object_component id="oc-11c">
         <name>.debug_abbrev</name>
         <load_address>0x853</load_address>
         <run_address>0x853</run_address>
         <size>0x29</size>
         <input_file_ref idref="fl-134"/>
      </object_component>
      <object_component id="oc-168">
         <name>.debug_abbrev</name>
         <load_address>0x87c</load_address>
         <run_address>0x87c</run_address>
         <size>0x6f</size>
         <input_file_ref idref="fl-134"/>
      </object_component>
      <object_component id="oc-10f">
         <name>.debug_abbrev</name>
         <load_address>0x8eb</load_address>
         <run_address>0x8eb</run_address>
         <size>0x8e</size>
         <input_file_ref idref="fl-135"/>
      </object_component>
      <object_component id="oc-9e">
         <name>.debug_abbrev</name>
         <load_address>0x979</load_address>
         <run_address>0x979</run_address>
         <size>0x68</size>
         <input_file_ref idref="fl-135"/>
      </object_component>
      <object_component id="oc-113">
         <name>.debug_abbrev</name>
         <load_address>0x9e1</load_address>
         <run_address>0x9e1</run_address>
         <size>0x49</size>
         <input_file_ref idref="fl-135"/>
      </object_component>
      <object_component id="oc-ad">
         <name>.debug_abbrev</name>
         <load_address>0xa2a</load_address>
         <run_address>0xa2a</run_address>
         <size>0x9a</size>
         <input_file_ref idref="fl-136"/>
      </object_component>
      <object_component id="oc-96">
         <name>.debug_abbrev</name>
         <load_address>0xac4</load_address>
         <run_address>0xac4</run_address>
         <size>0x7e</size>
         <input_file_ref idref="fl-136"/>
      </object_component>
      <object_component id="oc-b1">
         <name>.debug_abbrev</name>
         <load_address>0xb42</load_address>
         <run_address>0xb42</run_address>
         <size>0x24</size>
         <input_file_ref idref="fl-136"/>
      </object_component>
      <object_component id="oc-b6">
         <name>.debug_abbrev</name>
         <load_address>0xb66</load_address>
         <run_address>0xb66</run_address>
         <size>0x4b</size>
         <input_file_ref idref="fl-136"/>
      </object_component>
      <object_component id="oc-124">
         <name>.debug_abbrev</name>
         <load_address>0xbb1</load_address>
         <run_address>0xbb1</run_address>
         <size>0x9c</size>
         <input_file_ref idref="fl-137"/>
      </object_component>
      <object_component id="oc-ab">
         <name>.debug_abbrev</name>
         <load_address>0xc4d</load_address>
         <run_address>0xc4d</run_address>
         <size>0x8c</size>
         <input_file_ref idref="fl-137"/>
      </object_component>
      <object_component id="oc-128">
         <name>.debug_abbrev</name>
         <load_address>0xcd9</load_address>
         <run_address>0xcd9</run_address>
         <size>0x24</size>
         <input_file_ref idref="fl-137"/>
      </object_component>
      <object_component id="oc-18a">
         <name>.debug_abbrev</name>
         <load_address>0xcfd</load_address>
         <run_address>0xcfd</run_address>
         <size>0x7a</size>
         <input_file_ref idref="fl-138"/>
      </object_component>
      <object_component id="oc-16f">
         <name>.debug_abbrev</name>
         <load_address>0xd77</load_address>
         <run_address>0xd77</run_address>
         <size>0x27</size>
         <input_file_ref idref="fl-138"/>
      </object_component>
      <object_component id="oc-143">
         <name>.debug_abbrev</name>
         <load_address>0xd9e</load_address>
         <run_address>0xd9e</run_address>
         <size>0x60</size>
         <input_file_ref idref="fl-138"/>
      </object_component>
      <object_component id="oc-13c">
         <name>.debug_abbrev</name>
         <load_address>0xdfe</load_address>
         <run_address>0xdfe</run_address>
         <size>0x6c</size>
         <input_file_ref idref="fl-138"/>
      </object_component>
      <object_component id="oc-147">
         <name>.debug_abbrev</name>
         <load_address>0xe6a</load_address>
         <run_address>0xe6a</run_address>
         <size>0x6c</size>
         <input_file_ref idref="fl-138"/>
      </object_component>
      <object_component id="oc-194">
         <name>.debug_abbrev</name>
         <load_address>0xed6</load_address>
         <run_address>0xed6</run_address>
         <size>0x37</size>
         <input_file_ref idref="fl-139"/>
      </object_component>
      <object_component id="oc-191">
         <name>.debug_abbrev</name>
         <load_address>0xf0d</load_address>
         <run_address>0xf0d</run_address>
         <size>0x27</size>
         <input_file_ref idref="fl-139"/>
      </object_component>
      <object_component id="oc-18f">
         <name>.debug_abbrev</name>
         <load_address>0xf34</load_address>
         <run_address>0xf34</run_address>
         <size>0x6c</size>
         <input_file_ref idref="fl-139"/>
      </object_component>
      <object_component id="oc-190">
         <name>.debug_abbrev</name>
         <load_address>0xfa0</load_address>
         <run_address>0xfa0</run_address>
         <size>0x6c</size>
         <input_file_ref idref="fl-139"/>
      </object_component>
      <object_component id="oc-182">
         <name>.debug_abbrev</name>
         <load_address>0x100c</load_address>
         <run_address>0x100c</run_address>
         <size>0x7a</size>
         <input_file_ref idref="fl-139"/>
      </object_component>
      <object_component id="oc-183">
         <name>.debug_abbrev</name>
         <load_address>0x1086</load_address>
         <run_address>0x1086</run_address>
         <size>0x86</size>
         <input_file_ref idref="fl-13a"/>
      </object_component>
      <object_component id="oc-16b">
         <name>.debug_abbrev</name>
         <load_address>0x110c</load_address>
         <run_address>0x110c</run_address>
         <size>0x27</size>
         <input_file_ref idref="fl-13a"/>
      </object_component>
      <object_component id="oc-175">
         <name>.debug_abbrev</name>
         <load_address>0x1133</load_address>
         <run_address>0x1133</run_address>
         <size>0x6e</size>
         <input_file_ref idref="fl-13a"/>
      </object_component>
      <object_component id="oc-138">
         <name>.debug_abbrev</name>
         <load_address>0x11a1</load_address>
         <run_address>0x11a1</run_address>
         <size>0x6c</size>
         <input_file_ref idref="fl-13a"/>
      </object_component>
      <object_component id="oc-13b">
         <name>.debug_abbrev</name>
         <load_address>0x120d</load_address>
         <run_address>0x120d</run_address>
         <size>0x6c</size>
         <input_file_ref idref="fl-13a"/>
      </object_component>
      <object_component id="oc-174">
         <name>.debug_abbrev</name>
         <load_address>0x1279</load_address>
         <run_address>0x1279</run_address>
         <size>0x6c</size>
         <input_file_ref idref="fl-13a"/>
      </object_component>
      <object_component id="oc-160">
         <name>.debug_abbrev</name>
         <load_address>0x12e5</load_address>
         <run_address>0x12e5</run_address>
         <size>0x6c</size>
         <input_file_ref idref="fl-13a"/>
      </object_component>
      <object_component id="oc-172">
         <name>.debug_abbrev</name>
         <load_address>0x1351</load_address>
         <run_address>0x1351</run_address>
         <size>0x7c</size>
         <input_file_ref idref="fl-13a"/>
      </object_component>
      <object_component id="oc-173">
         <name>.debug_abbrev</name>
         <load_address>0x13cd</load_address>
         <run_address>0x13cd</run_address>
         <size>0x7a</size>
         <input_file_ref idref="fl-13a"/>
      </object_component>
      <object_component id="oc-139">
         <name>.debug_abbrev</name>
         <load_address>0x1447</load_address>
         <run_address>0x1447</run_address>
         <size>0x6c</size>
         <input_file_ref idref="fl-13b"/>
      </object_component>
      <object_component id="oc-13a">
         <name>.debug_abbrev</name>
         <load_address>0x14b3</load_address>
         <run_address>0x14b3</run_address>
         <size>0x6c</size>
         <input_file_ref idref="fl-13b"/>
      </object_component>
      <object_component id="oc-12c">
         <name>.debug_abbrev</name>
         <load_address>0x151f</load_address>
         <run_address>0x151f</run_address>
         <size>0x6c</size>
         <input_file_ref idref="fl-13b"/>
      </object_component>
      <object_component id="oc-12e">
         <name>.debug_abbrev</name>
         <load_address>0x158b</load_address>
         <run_address>0x158b</run_address>
         <size>0x6c</size>
         <input_file_ref idref="fl-13b"/>
      </object_component>
      <object_component id="oc-12d">
         <name>.debug_abbrev</name>
         <load_address>0x15f7</load_address>
         <run_address>0x15f7</run_address>
         <size>0x6c</size>
         <input_file_ref idref="fl-13b"/>
      </object_component>
      <object_component id="oc-134">
         <name>.debug_abbrev</name>
         <load_address>0x1663</load_address>
         <run_address>0x1663</run_address>
         <size>0x6c</size>
         <input_file_ref idref="fl-13b"/>
      </object_component>
      <object_component id="oc-12b">
         <name>.debug_abbrev</name>
         <load_address>0x16cf</load_address>
         <run_address>0x16cf</run_address>
         <size>0x6c</size>
         <input_file_ref idref="fl-13b"/>
      </object_component>
      <object_component id="oc-16e">
         <name>.debug_abbrev</name>
         <load_address>0x173b</load_address>
         <run_address>0x173b</run_address>
         <size>0x52</size>
         <input_file_ref idref="fl-13d"/>
      </object_component>
      <object_component id="oc-1bc">
         <name>.debug_abbrev</name>
         <load_address>0x178d</load_address>
         <run_address>0x178d</run_address>
         <size>0xf</size>
      </object_component>
      <object_component id="oc-189">
         <name>.debug_str</name>
         <load_address>0x0</load_address>
         <run_address>0x0</run_address>
         <size>0xf0</size>
         <input_file_ref idref="fl-2"/>
      </object_component>
      <object_component id="oc-7b">
         <name>.debug_str</name>
         <load_address>0xf0</load_address>
         <run_address>0xf0</run_address>
         <size>0xf5</size>
         <input_file_ref idref="fl-2"/>
      </object_component>
      <object_component id="oc-133">
         <name>.debug_str</name>
         <load_address>0x1e5</load_address>
         <run_address>0x1e5</run_address>
         <size>0xbd</size>
         <input_file_ref idref="fl-2"/>
      </object_component>
      <object_component id="oc-3d">
         <name>.debug_str</name>
         <load_address>0x2a2</load_address>
         <run_address>0x2a2</run_address>
         <size>0xc9</size>
         <input_file_ref idref="fl-12c"/>
      </object_component>
      <object_component id="oc-81">
         <name>.debug_str</name>
         <load_address>0x36b</load_address>
         <run_address>0x36b</run_address>
         <size>0xc6</size>
         <input_file_ref idref="fl-12c"/>
      </object_component>
      <object_component id="oc-4b">
         <name>.debug_str</name>
         <load_address>0x431</load_address>
         <run_address>0x431</run_address>
         <size>0xbb</size>
         <input_file_ref idref="fl-12d"/>
      </object_component>
      <object_component id="oc-8b">
         <name>.debug_str</name>
         <load_address>0x4ec</load_address>
         <run_address>0x4ec</run_address>
         <size>0xc6</size>
         <input_file_ref idref="fl-12d"/>
      </object_component>
      <object_component id="oc-115">
         <name>.debug_str</name>
         <load_address>0x5b2</load_address>
         <run_address>0x5b2</run_address>
         <size>0x9f</size>
         <input_file_ref idref="fl-135"/>
      </object_component>
      <object_component id="oc-b3">
         <name>.debug_str</name>
         <load_address>0x651</load_address>
         <run_address>0x651</run_address>
         <size>0xab</size>
         <input_file_ref idref="fl-136"/>
      </object_component>
      <object_component id="oc-b8">
         <name>.debug_str</name>
         <load_address>0x6fc</load_address>
         <run_address>0x6fc</run_address>
         <size>0x11d</size>
         <input_file_ref idref="fl-136"/>
      </object_component>
      <object_component id="oc-12a">
         <name>.debug_str</name>
         <load_address>0x819</load_address>
         <run_address>0x819</run_address>
         <size>0xa0</size>
         <input_file_ref idref="fl-137"/>
      </object_component>
      <object_component id="oc-9a">
         <name>.debug_aranges</name>
         <load_address>0x0</load_address>
         <run_address>0x0</run_address>
         <size>0x48</size>
         <input_file_ref idref="fl-2"/>
      </object_component>
      <object_component id="oc-109">
         <name>.debug_aranges</name>
         <load_address>0x48</load_address>
[...]
            <object_component_ref idref="oc-f8"/>
            <object_component_ref idref="oc-f2"/>
            <object_component_ref idref="oc-fe"/>
            <object_component_ref idref="oc-179"/>
            <object_component_ref idref="oc-17e"/>
            <object_component_ref idref="oc-164"/>
            <object_component_ref idref="oc-15c"/>
            <object_component_ref idref="oc-d9"/>
            <object_component_ref idref="oc-eb"/>
            <object_component_ref idref="oc-156"/>
            <object_component_ref idref="oc-103"/>
            <object_component_ref idref="oc-14a"/>
            <object_component_ref idref="oc-150"/>
            <object_component_ref idref="oc-df"/>
            <object_component_ref idref="oc-e5"/>
            <object_component_ref idref="oc-c1"/>
            <object_component_ref idref="oc-cd"/>
            <object_component_ref idref="oc-c8"/>
            <object_component_ref idref="oc-d4"/>
            <object_component_ref idref="oc-bc"/>
            <object_component_ref idref="oc-13f"/>
         </contents>
      </logical_group>
      <logical_group id="lg-1b3" display="never" color="cyan">
         <name>.debug_pubnames</name>
         <load_address>0x0</load_address>
         <run_address>0x0</run_address>
         <size>0x775</size>
         <contents>
            <object_component_ref idref="oc-9b"/>
            <object_component_ref idref="oc-10a"/>
            <object_component_ref idref="oc-11"/>
            <object_component_ref idref="oc-2d"/>
            <object_component_ref idref="oc-28"/>
            <object_component_ref idref="oc-16"/>
            <object_component_ref idref="oc-42"/>
            <object_component_ref idref="oc-1b"/>
            <object_component_ref idref="oc-a5"/>
            <object_component_ref idref="oc-6e"/>
            <object_component_ref idref="oc-36"/>
            <object_component_ref idref="oc-4f"/>
            <object_component_ref idref="oc-5b"/>
            <object_component_ref idref="oc-72"/>
            <object_component_ref idref="oc-a2"/>
            <object_component_ref idref="oc-119"/>
            <object_component_ref idref="oc-67"/>
            <object_component_ref idref="oc-61"/>
            <object_component_ref idref="oc-93"/>
            <object_component_ref idref="oc-146"/>
            <object_component_ref idref="oc-f9"/>
            <object_component_ref idref="oc-f3"/>
            <object_component_ref idref="oc-ff"/>
            <object_component_ref idref="oc-18e"/>
            <object_component_ref idref="oc-17a"/>
            <object_component_ref idref="oc-17f"/>
            <object_component_ref idref="oc-165"/>
            <object_component_ref idref="oc-137"/>
            <object_component_ref idref="oc-15d"/>
            <object_component_ref idref="oc-da"/>
            <object_component_ref idref="oc-ec"/>
            <object_component_ref idref="oc-157"/>
            <object_component_ref idref="oc-104"/>
            <object_component_ref idref="oc-14b"/>
            <object_component_ref idref="oc-151"/>
            <object_component_ref idref="oc-e0"/>
            <object_component_ref idref="oc-e6"/>
            <object_component_ref idref="oc-c2"/>
            <object_component_ref idref="oc-ce"/>
            <object_component_ref idref="oc-c7"/>
            <object_component_ref idref="oc-d3"/>
            <object_component_ref idref="oc-bb"/>
            <object_component_ref idref="oc-140"/>
         </contents>
      </logical_group>
      <logical_group id="lg-1b5" display="never" color="cyan">
         <name>.debug_pubtypes</name>
         <load_address>0x0</load_address>
         <run_address>0x0</run_address>
         <size>0x305</size>
         <contents>
            <object_component_ref idref="oc-186"/>
            <object_component_ref idref="oc-78"/>
            <object_component_ref idref="oc-130"/>
            <object_component_ref idref="oc-3a"/>
            <object_component_ref idref="oc-7e"/>
            <object_component_ref idref="oc-48"/>
            <object_component_ref idref="oc-88"/>
            <object_component_ref idref="oc-a8"/>
            <object_component_ref idref="oc-11f"/>
            <object_component_ref idref="oc-112"/>
            <object_component_ref idref="oc-b0"/>
            <object_component_ref idref="oc-b5"/>
            <object_component_ref idref="oc-127"/>
         </contents>
      </logical_group>
      <load_segment id="lg-1c3" display="no" color="cyan">
         <name>SEGMENT_0</name>
         <load_address>0x20004000</load_address>
         <run_address>0x20004000</run_address>
         <size>0x1044</size>
         <flags>0x5</flags>
         <contents>
            <logical_group_ref idref="lg-3"/>
            <logical_group_ref idref="lg-6"/>
            <logical_group_ref idref="lg-7"/>
            <logical_group_ref idref="lg-8"/>
         </contents>
      </load_segment>
      <load_segment id="lg-1c4" display="no" color="cyan">
         <name>SEGMENT_1</name>
         <run_address>0x20017000</run_address>
         <size>0x14</size>
         <flags>0x6</flags>
         <contents>
            <logical_group_ref idref="lg-a"/>
         </contents>
      </load_segment>
      <load_segment id="lg-1c5" display="no" color="cyan">
         <name>SEGMENT_2</name>
         <run_address>0x2002f800</run_address>
         <size>0x800</size>
         <flags>0x6</flags>
         <contents>
            <logical_group_ref idref="lg-d"/>
         </contents>
      </load_segment>
   </logical_group_list>
   <placement_map>
      <memory_area display="yes" color="green">
         <name>SRAM_CODE</name>
         <page_id>0x0</page_id>
         <origin>0x20004000</origin>
         <length>0x13000</length>
         <used_space>0x103e</used_space>
         <unused_space>0x11fc2</unused_space>
         <attributes>RWX</attributes>
         <usage_details>
            <allocated_space>
               <start_address>0x20004000</start_address>
               <size>0x400</size>
               <logical_group_ref idref="lg-3"/>
            </allocated_space>
            <allocated_space>
               <start_address>0x20004400</start_address>
               <size>0x9f2</size>
               <logical_group_ref idref="lg-6"/>
            </allocated_space>
            <available_space>
               <start_address>0x20004df2</start_address>
               <size>0x2</size>
            </available_space>
            <allocated_space>
               <start_address>0x20004df4</start_address>
               <size>0x228</size>
               <logical_group_ref idref="lg-7"/>
            </allocated_space>
            <available_space>
               <start_address>0x2000501c</start_address>
               <size>0x4</size>
            </available_space>
            <allocated_space>
               <start_address>0x20005020</start_address>
               <size>0x24</size>
               <logical_group_ref idref="lg-8"/>
            </allocated_space>
            <available_space>
               <start_address>0x20005044</start_address>
               <size>0x11fbc</size>
            </available_space>
         </usage_details>
      </memory_area>
      <memory_area display="yes" color="green">
         <name>SRAM_DATA</name>
         <page_id>0x0</page_id>
         <origin>0x20017000</origin>
         <length>0x19000</length>
         <used_space>0x814</used_space>
         <unused_space>0x187ec</unused_space>
         <attributes>RWX</attributes>
         <usage_details>
            <allocated_space>
               <start_address>0x20017000</start_address>
               <size>0x14</size>
               <logical_group_ref idref="lg-198"/>
            </allocated_space>
            <available_space>
               <start_address>0x20017014</start_address>
               <size>0x187ec</size>
            </available_space>
            <allocated_space>
               <start_address>0x2002f800</start_address>
               <size>0x800</size>
               <logical_group_ref idref="lg-d"/>
            </allocated_space>
         </usage_details>
      </memory_area>
   </placement_map>
   <cptbl_list>
      <cptbl>
         <name>__TI_cinit_table</name>
         <cprec>
            <name>.data</name>
            <load_address>0x20005020</load_address>
            <load_size>0x11</load_size>
            <run_address>0x20017000</run_address>
            <run_size>0x14</run_size>
            <compression>rle</compression>
         </cprec>
      </cptbl>
   </cptbl_list>
   <handler_table>
      <handler_table_name>__TI_handler_table</handler_table_name>
      <handler>
         <index>0x0</index>
         <name>__TI_decompress_rle24</name>
      </handler>
      <handler>
         <index>0x1</index>
         <name>__TI_decompress_none</name>
      </handler>
   </handler_table>
   <symbol_table>
      <symbol id="sm-1">
         <name>__TI_CINIT_Base</name>
         <value>0x2000503c</value>
      </symbol>
      <symbol id="sm-2">
         <name>__TI_CINIT_Limit</name>
         <value>0x20005044</value>
      </symbol>
      <symbol id="sm-3">
         <name>__TI_Handler_Table_Base</name>
         <value>0x20005034</value>
      </symbol>
      <symbol id="sm-4">
         <name>__TI_Handler_Table_Limit</name>
         <value>0x2000503c</value>
      </symbol>
      <symbol id="sm-5">
         <name>binit</name>
         <value>0xffffffff</value>
      </symbol>
      <symbol id="sm-6">
         <name>__binit__</name>
         <value>0xffffffff</value>
      </symbol>
      <symbol id="sm-7">
         <name>__STACK_SIZE</name>
         <value>0x800</value>
      </symbol>
      <symbol id="sm-8">
         <name>__STACK_END</name>
         <value>0x20030000</value>
      </symbol>
      <symbol id="sm-9">
         <name>__c_args__</name>
         <value>0xffffffff</value>
      </symbol>
      <symbol id="sm-45">
         <name>UpdateDutyCycle</name>
         <value>0x20004401</value>
         <object_component_ref idref="oc-98"/>
      </symbol>
      <symbol id="sm-46">
         <name>DeInitPWMModules</name>
         <value>0x200044c1</value>
         <object_component_ref idref="oc-98"/>
      </symbol>
      <symbol id="sm-47">
         <name>main</name>
         <value>0x20004509</value>
         <object_component_ref idref="oc-98"/>
      </symbol>
      <symbol id="sm-48">
         <name>InitPWMModules</name>
         <value>0x20004469</value>
         <object_component_ref idref="oc-98"/>
      </symbol>
      <symbol id="sm-49">
         <name>SetupTimerPWMMode</name>
         <value>0x2000441f</value>
         <object_component_ref idref="oc-98"/>
      </symbol>
      <symbol id="sm-53">
         <name>PinMuxConfig</name>
         <value>0x20004c11</value>
         <object_component_ref idref="oc-107"/>
      </symbol>
      <symbol id="sm-72">
         <name>ResetISR</name>
         <value>0x20004dcb</value>
         <object_component_ref idref="oc-2a"/>
      </symbol>
      <symbol id="sm-73">
         <name>g_pfnVectors</name>
         <value>0x20004000</value>
         <object_component_ref idref="oc-f"/>
      </symbol>
      <symbol id="sm-83">
         <name>_c_int00</name>
         <value>0x20004b71</value>
         <object_component_ref idref="oc-24"/>
      </symbol>
      <symbol id="sm-84">
         <name>__stack</name>
         <value>0x2002f800</value>
         <object_component_ref idref="oc-29"/>
      </symbol>
      <symbol id="sm-9b">
         <name>__TI_decompress_none</name>
         <value>0x20004dbd</value>
         <object_component_ref idref="oc-12"/>
      </symbol>
      <symbol id="sm-c3">
         <name>__TI_decompress_rle24</name>
         <value>0x20004de9</value>
         <object_component_ref idref="oc-18"/>
      </symbol>
      <symbol id="sm-e3">
         <name>C$$EXIT</name>
         <value>0x20004ab1</value>
         <object_component_ref idref="oc-6a"/>
      </symbol>
      <symbol id="sm-e4">
         <name>abort</name>
         <value>0x20004ab5</value>
         <object_component_ref idref="oc-6a"/>
      </symbol>
      <symbol id="sm-e5">
         <name>exit</name>
         <value>0x20004abd</value>
         <object_component_ref idref="oc-6a"/>
      </symbol>
      <symbol id="sm-e6">
         <name>__TI_dtors_ptr</name>
         <value>0x2001700c</value>
         <object_component_ref idref="oc-a3"/>
      </symbol>
      <symbol id="sm-e7">
         <name>__TI_cleanup_ptr</name>
         <value>0x20017008</value>
         <object_component_ref idref="oc-a3"/>
      </symbol>
      <symbol id="sm-102">
         <name>memcpy</name>
         <value>0x20004751</value>
         <object_component_ref idref="oc-33"/>
      </symbol>
      <symbol id="sm-103">
         <name>__aeabi_memcpy</name>
         <value>0x20004751</value>
         <object_component_ref idref="oc-33"/>
      </symbol>
      <symbol id="sm-104">
         <name>__aeabi_memcpy8</name>
         <value>0x20004751</value>
         <object_component_ref idref="oc-33"/>
      </symbol>
      <symbol id="sm-105">
         <name>__aeabi_memcpy4</name>
         <value>0x20004751</value>
         <object_component_ref idref="oc-33"/>
      </symbol>
      <symbol id="sm-114">
         <name>__aeabi_memset</name>
         <value>0x20004877</value>
         <object_component_ref idref="oc-4c"/>
      </symbol>
      <symbol id="sm-115">
         <name>memset</name>
         <value>0x2000487d</value>
         <object_component_ref idref="oc-4c"/>
      </symbol>
      <symbol id="sm-116">
         <name>__aeabi_memset8</name>
         <value>0x20004877</value>
         <object_component_ref idref="oc-4c"/>
      </symbol>
      <symbol id="sm-117">
         <name>__aeabi_memset4</name>
         <value>0x20004877</value>
         <object_component_ref idref="oc-4c"/>
      </symbol>
      <symbol id="sm-118">
         <name>__aeabi_memclr8</name>
         <value>0x20004875</value>
         <object_component_ref idref="oc-4c"/>
      </symbol>
      <symbol id="sm-119">
         <name>__aeabi_memclr4</name>
         <value>0x20004875</value>
         <object_component_ref idref="oc-4c"/>
      </symbol>
      <symbol id="sm-11a">
         <name>__aeabi_memclr</name>
         <value>0x20004875</value>
         <object_component_ref idref="oc-4c"/>
      </symbol>
      <symbol id="sm-124">
         <name>_system_pre_init</name>
         <value>0x20004def</value>
         <object_component_ref idref="oc-58"/>
      </symbol>
      <symbol id="sm-12c">
         <name>main_func_sp</name>
         <value>0x20017010</value>
         <object_component_ref idref="oc-70"/>
      </symbol>
      <symbol id="sm-145">
         <name>_nop</name>
         <value>0x20004db7</value>
         <object_component_ref idref="oc-116"/>
      </symbol>
      <symbol id="sm-146">
         <name>_lock</name>
         <value>0x20017000</value>
         <object_component_ref idref="oc-a0"/>
      </symbol>
      <symbol id="sm-147">
         <name>_unlock</name>
         <value>0x20017004</value>
         <object_component_ref idref="oc-a0"/>
      </symbol>
      <symbol id="sm-148">
         <name>_register_lock</name>
         <value>0x20004daf</value>
         <object_component_ref idref="oc-116"/>
      </symbol>
      <symbol id="sm-149">
         <name>_register_unlock</name>
         <value>0x20004da9</value>
         <object_component_ref idref="oc-116"/>
      </symbol>
      <symbol id="sm-15e">
         <name>_args_main</name>
         <value>0x20004d3d</value>
         <object_component_ref idref="oc-64"/>
      </symbol>
      <symbol id="sm-184">
         <name>__TI_auto_init</name>
         <value>0x200048f1</value>
         <object_component_ref idref="oc-5e"/>
      </symbol>
      <symbol id="sm-19e">
         <name>copy_in</name>
         <value>0x20004a21</value>
         <object_component_ref idref="oc-90"/>
      </symbol>
      <symbol id="sm-1d5">
         <name>IntVTableBaseSet</name>
         <value>0x20004d95</value>
         <object_component_ref idref="oc-ef"/>
      </symbol>
      <symbol id="sm-1d6">
         <name>IntEnable</name>
         <value>0x200046a9</value>
         <object_component_ref idref="oc-fb"/>
      </symbol>
      <symbol id="sm-1d7">
         <name>IntMasterEnable</name>
         <value>0x20004dd9</value>
         <object_component_ref idref="oc-f5"/>
      </symbol>
      <symbol id="sm-204">
         <name>PinTypeTimer</name>
         <value>0x20004d21</value>
         <object_component_ref idref="oc-161"/>
      </symbol>
      <symbol id="sm-205">
         <name>PinConfigSet</name>
         <value>0x200047ed</value>
         <object_component_ref idref="oc-17c"/>
      </symbol>
      <symbol id="sm-206">
         <name>PinModeSet</name>
         <value>0x20004af5</value>
         <object_component_ref idref="oc-176"/>
      </symbol>
      <symbol id="sm-272">
         <name>PRCMPeripheralReset</name>
         <value>0x200049c9</value>
         <object_component_ref idref="oc-154"/>
      </symbol>
      <symbol id="sm-273">
         <name>PRCMPeripheralClkEnable</name>
         <value>0x20004b35</value>
         <object_component_ref idref="oc-d7"/>
      </symbol>
      <symbol id="sm-274">
         <name>PRCMCC3200MCUInit</name>
         <value>0x20004575</value>
         <object_component_ref idref="oc-101"/>
      </symbol>
      <symbol id="sm-275">
         <name>PRCMHIBRegWrite</name>
         <value>0x20004d6b</value>
         <object_component_ref idref="oc-14e"/>
      </symbol>
      <symbol id="sm-276">
         <name>PRCMSysResetCauseGet</name>
         <value>0x20004be5</value>
         <object_component_ref idref="oc-15a"/>
      </symbol>
      <symbol id="sm-277">
         <name>PRCMPeripheralClkDisable</name>
         <value>0x20004cbd</value>
         <object_component_ref idref="oc-e9"/>
      </symbol>
      <symbol id="sm-278">
         <name>PRCMHIBRegRead</name>
         <value>0x20004d55</value>
         <object_component_ref idref="oc-148"/>
      </symbol>
      <symbol id="sm-2bd">
         <name>TimerMatchSet</name>
         <value>0x20004c67</value>
         <object_component_ref idref="oc-b9"/>
      </symbol>
      <symbol id="sm-2be">
         <name>TimerLoadSet</name>
         <value>0x20004c3d</value>
         <object_component_ref idref="oc-d1"/>
      </symbol>
      <symbol id="sm-2bf">
         <name>TimerControlLevel</name>
         <value>0x20004bad</value>
         <object_component_ref idref="oc-cb"/>
      </symbol>
      <symbol id="sm-2c0">
         <name>TimerDisable</name>
         <value>0x20004ce5</value>
         <object_component_ref idref="oc-e3"/>
      </symbol>
      <symbol id="sm-2c1">
         <name>TimerEnable</name>
         <value>0x20004d03</value>
         <object_component_ref idref="oc-dd"/>
      </symbol>
      <symbol id="sm-2c2">
         <name>TimerPrescaleSet</name>
         <value>0x20004c91</value>
         <object_component_ref idref="oc-c5"/>
      </symbol>
      <symbol id="sm-2c3">
         <name>TimerConfigure</name>
         <value>0x20004a6d</value>
         <object_component_ref idref="oc-bf"/>
      </symbol>
      <symbol id="sm-2c7">
         <name>UtilsDelay</name>
         <value>0x20004de3</value>
         <object_component_ref idref="oc-10d"/>
      </symbol>
      <symbol id="sm-2d1">
         <name>CPUcpsie</name>
         <value>0x20004d81</value>
         <object_component_ref idref="oc-13d"/>
      </symbol>
      <symbol id="sm-2e6">
         <name>__TI_static_base__</name>
         <value>0x20005020</value>
      </symbol>
      <symbol id="sm-2e9">
         <name>SHT$$INIT_ARRAY$$Limit</name>
         <value>0x0</value>
      </symbol>
      <symbol id="sm-2ea">
         <name>SHT$$INIT_ARRAY$$Base</name>
         <value>0x0</value>
      </symbol>
   </symbol_table>
   <title>Link successful</title>
</link_info>
